// Jest Snapshot v1, https://goo.gl/fbAQLP

exports[`matches snapshot 1`] = `
<li
  className="list-group-item list-group-item-success text-capitalize fs-5 mt-2 rounded-pill border d-flex justify-content-center"
  data-testid="ability"
>
  Chlorophyll
</li>
`;
